Archive member included to satisfy reference by file (symbol)

/home/starleaf1/.local/share/pebble-sdk/SDKs/current/sdk-core/pebble/aplite/lib/libpebble.a(tmp7jpKUopebble.o)
                              src/c/proto.c.57.o (app_event_loop)
/home/starleaf1/.local/share/pebble-sdk/SDKs/4.17/toolchain/arm-none-eabi/bin/../lib/gcc/arm-none-eabi/14.2.1/../../../../arm-none-eabi/lib/thumb/v7-m/nofp/libc.a(libc_a-atexit.o)
                              /home/starleaf1/.local/share/pebble-sdk/SDKs/4.17/toolchain/arm-none-eabi/bin/../lib/gcc/arm-none-eabi/14.2.1/../../../../arm-none-eabi/lib/thumb/v7-m/nofp/crt0.o (atexit)
/home/starleaf1/.local/share/pebble-sdk/SDKs/4.17/toolchain/arm-none-eabi/bin/../lib/gcc/arm-none-eabi/14.2.1/../../../../arm-none-eabi/lib/thumb/v7-m/nofp/libc.a(libc_a-exit.o)
                              /home/starleaf1/.local/share/pebble-sdk/SDKs/4.17/toolchain/arm-none-eabi/bin/../lib/gcc/arm-none-eabi/14.2.1/../../../../arm-none-eabi/lib/thumb/v7-m/nofp/crt0.o (exit)
/home/starleaf1/.local/share/pebble-sdk/SDKs/4.17/toolchain/arm-none-eabi/bin/../lib/gcc/arm-none-eabi/14.2.1/../../../../arm-none-eabi/lib/thumb/v7-m/nofp/libc.a(libc_a-findfp.o)
                              /home/starleaf1/.local/share/pebble-sdk/SDKs/4.17/toolchain/arm-none-eabi/bin/../lib/gcc/arm-none-eabi/14.2.1/../../../../arm-none-eabi/lib/thumb/v7-m/nofp/libc.a(libc_a-exit.o) (__stdio_exit_handler)
/home/starleaf1/.local/share/pebble-sdk/SDKs/4.17/toolchain/arm-none-eabi/bin/../lib/gcc/arm-none-eabi/14.2.1/../../../../arm-none-eabi/lib/thumb/v7-m/nofp/libc.a(libc_a-fwalk.o)
                              /home/starleaf1/.local/share/pebble-sdk/SDKs/4.17/toolchain/arm-none-eabi/bin/../lib/gcc/arm-none-eabi/14.2.1/../../../../arm-none-eabi/lib/thumb/v7-m/nofp/libc.a(libc_a-findfp.o) (_fwalk_sglue)
/home/starleaf1/.local/share/pebble-sdk/SDKs/4.17/toolchain/arm-none-eabi/bin/../lib/gcc/arm-none-eabi/14.2.1/../../../../arm-none-eabi/lib/thumb/v7-m/nofp/libc.a(libc_a-stdio.o)
                              /home/starleaf1/.local/share/pebble-sdk/SDKs/4.17/toolchain/arm-none-eabi/bin/../lib/gcc/arm-none-eabi/14.2.1/../../../../arm-none-eabi/lib/thumb/v7-m/nofp/libc.a(libc_a-findfp.o) (__sread)
/home/starleaf1/.local/share/pebble-sdk/SDKs/4.17/toolchain/arm-none-eabi/bin/../lib/gcc/arm-none-eabi/14.2.1/../../../../arm-none-eabi/lib/thumb/v7-m/nofp/libc.a(libc_a-closer.o)
                              /home/starleaf1/.local/share/pebble-sdk/SDKs/4.17/toolchain/arm-none-eabi/bin/../lib/gcc/arm-none-eabi/14.2.1/../../../../arm-none-eabi/lib/thumb/v7-m/nofp/libc.a(libc_a-stdio.o) (_close_r)
/home/starleaf1/.local/share/pebble-sdk/SDKs/4.17/toolchain/arm-none-eabi/bin/../lib/gcc/arm-none-eabi/14.2.1/../../../../arm-none-eabi/lib/thumb/v7-m/nofp/libc.a(libc_a-reent.o)
                              /home/starleaf1/.local/share/pebble-sdk/SDKs/4.17/toolchain/arm-none-eabi/bin/../lib/gcc/arm-none-eabi/14.2.1/../../../../arm-none-eabi/lib/thumb/v7-m/nofp/libc.a(libc_a-closer.o) (errno)
/home/starleaf1/.local/share/pebble-sdk/SDKs/4.17/toolchain/arm-none-eabi/bin/../lib/gcc/arm-none-eabi/14.2.1/../../../../arm-none-eabi/lib/thumb/v7-m/nofp/libc.a(libc_a-impure.o)
                              /home/starleaf1/.local/share/pebble-sdk/SDKs/4.17/toolchain/arm-none-eabi/bin/../lib/gcc/arm-none-eabi/14.2.1/../../../../arm-none-eabi/lib/thumb/v7-m/nofp/libc.a(libc_a-reent.o) (_impure_ptr)
/home/starleaf1/.local/share/pebble-sdk/SDKs/4.17/toolchain/arm-none-eabi/bin/../lib/gcc/arm-none-eabi/14.2.1/../../../../arm-none-eabi/lib/thumb/v7-m/nofp/libc.a(libc_a-lseekr.o)
                              /home/starleaf1/.local/share/pebble-sdk/SDKs/4.17/toolchain/arm-none-eabi/bin/../lib/gcc/arm-none-eabi/14.2.1/../../../../arm-none-eabi/lib/thumb/v7-m/nofp/libc.a(libc_a-stdio.o) (_lseek_r)
/home/starleaf1/.local/share/pebble-sdk/SDKs/4.17/toolchain/arm-none-eabi/bin/../lib/gcc/arm-none-eabi/14.2.1/../../../../arm-none-eabi/lib/thumb/v7-m/nofp/libc.a(libc_a-readr.o)
                              /home/starleaf1/.local/share/pebble-sdk/SDKs/4.17/toolchain/arm-none-eabi/bin/../lib/gcc/arm-none-eabi/14.2.1/../../../../arm-none-eabi/lib/thumb/v7-m/nofp/libc.a(libc_a-stdio.o) (_read_r)
/home/starleaf1/.local/share/pebble-sdk/SDKs/4.17/toolchain/arm-none-eabi/bin/../lib/gcc/arm-none-eabi/14.2.1/../../../../arm-none-eabi/lib/thumb/v7-m/nofp/libc.a(libc_a-writer.o)
                              /home/starleaf1/.local/share/pebble-sdk/SDKs/4.17/toolchain/arm-none-eabi/bin/../lib/gcc/arm-none-eabi/14.2.1/../../../../arm-none-eabi/lib/thumb/v7-m/nofp/libc.a(libc_a-stdio.o) (_write_r)
/home/starleaf1/.local/share/pebble-sdk/SDKs/4.17/toolchain/arm-none-eabi/bin/../lib/gcc/arm-none-eabi/14.2.1/../../../../arm-none-eabi/lib/thumb/v7-m/nofp/libc.a(libc_a-init.o)
[...]
Memory Configuration

Name             Origin             Length             Attributes
APP              0x00000000         0x00006000         xrw
*default*        0x00000000         0xffffffff

Linker script and memory map

LOAD /home/starleaf1/.local/share/pebble-sdk/SDKs/4.17/toolchain/arm-none-eabi/bin/../lib/gcc/arm-none-eabi/14.2.1/thumb/v7-m/nofp/crti.o
LOAD /home/starleaf1/.local/share/pebble-sdk/SDKs/4.17/toolchain/arm-none-eabi/bin/../lib/gcc/arm-none-eabi/14.2.1/thumb/v7-m/nofp/crtbegin.o
LOAD /home/starleaf1/.local/share/pebble-sdk/SDKs/4.17/toolchain/arm-none-eabi/bin/../lib/gcc/arm-none-eabi/14.2.1/../../../../arm-none-eabi/lib/thumb/v7-m/nofp/crt0.o
LOAD src/c/proto.c.57.o
LOAD aplite/appinfo.auto.c.57.o
LOAD aplite/src/resource_ids.auto.c.57.o
LOAD src/message_keys.auto.c.57.o
LOAD /home/starleaf1/.local/share/pebble-sdk/SDKs/current/sdk-core/pebble/aplite/lib/libpebble.a
START GROUP
LOAD /home/starleaf1/.local/share/pebble-sdk/SDKs/4.17/toolchain/arm-none-eabi/bin/../lib/gcc/arm-none-eabi/14.2.1/thumb/v7-m/nofp/libgcc.a
LOAD /home/starleaf1/.local/share/pebble-sdk/SDKs/4.17/toolchain/arm-none-eabi/bin/../lib/gcc/arm-none-eabi/14.2.1/../../../../arm-none-eabi/lib/thumb/v7-m/nofp/libc.a
END GROUP
LOAD /home/starleaf1/.local/share/pebble-sdk/SDKs/4.17/toolchain/arm-none-eabi/bin/../lib/gcc/arm-none-eabi/14.2.1/thumb/v7-m/nofp/crtend.o
LOAD /home/starleaf1/.local/share/pebble-sdk/SDKs/4.17/toolchain/arm-none-eabi/bin/../lib/gcc/arm-none-eabi/14.2.1/thumb/v7-m/nofp/crtn.o

.header         0x00000000       0x82
 *(.pbl_header)
 .pbl_header    0x00000000       0x82 aplite/appinfo.auto.c.57.o
                0x00000000                __pbl_app_info

.note.gnu.build-id
                0x00000082       0x26
                [!provide]                        PROVIDE (BUILD_ID = .)
 *(.note.gnu.build-id)
 *fill*         0x00000082        0x2 
 .note.gnu.build-id
                0x00000084       0x24 linker stubs

.text           0x000000a8      0xbfa
 *(.text)
 .text          0x000000a8       0x14 /home/starleaf1/.local/share/pebble-sdk/SDKs/current/sdk-core/pebble/aplite/lib/libpebble.a(tmp7jpKUopebble.o)
 *(.text.*)
 .text.inbox_received
                0x000000bc       0x3c src/c/proto.c.57.o
 .text.conn_handler
                0x000000f8       0x18 src/c/proto.c.57.o
 .text.battery_handler
                0x00000110       0x28 src/c/proto.c.57.o
 .text.window_unload
                0x00000138       0x10 src/c/proto.c.57.o
 .text.window_load
                0x00000148       0x3c src/c/proto.c.57.o
 .text.ray_rect_boundary
                0x00000184       0x8e src/c/proto.c.57.o
 .text.step_in  0x00000212       0x46 src/c/proto.c.57.o
 .text.root_update_proc
                0x00000258      0x568 src/c/proto.c.57.o
 .text.update_buffers
                0x000007c0       0x94 src/c/proto.c.57.o
 .text.tick_handler
                0x00000854       0x34 src/c/proto.c.57.o
 .text.startup.main
                0x00000888      0x194 src/c/proto.c.57.o
                0x00000888                main
 .text.app_event_loop
                0x00000a1c        0xc /home/starleaf1/.local/share/pebble-sdk/SDKs/current/sdk-core/pebble/aplite/lib/libpebble.a(tmp7jpKUopebble.o)
                0x00000a1c                app_event_loop
 .text.app_message_open
                0x00000a28        0xc /home/starleaf1/.local/share/pebble-sdk/SDKs/current/sdk-core/pebble/aplite/lib/libpebble.a(tmp7jpKUopebble.o)
                0x00000a28                app_message_open
 .text.battery_state_service_peek
                0x00000a34        0xc /home/starleaf1/.local/share/pebble-sdk/SDKs/current/sdk-core/pebble/aplite/lib/libpebble.a(tmp7jpKUopebble.o)
                0x00000a34                battery_state_service_peek
 .text.battery_state_service_subscribe
                0x00000a40        0xc /home/starleaf1/.local/share/pebble-sdk/SDKs/current/sdk-core/pebble/aplite/lib/libpebble.a(tmp7jpKUopebble.o)
                0x00000a40                battery_state_service_subscribe
 .text.battery_state_service_unsubscribe
                0x00000a4c        0xc /home/starleaf1/.local/share/pebble-sdk/SDKs/current/sdk-core/pebble/aplite/lib/libpebble.a(tmp7jpKUopebble.o)
                0x00000a4c                battery_state_service_unsubscribe
 .text.clock_is_24h_style
                0x00000a58        0xc /home/starleaf1/.local/share/pebble-sdk/SDKs/current/sdk-core/pebble/aplite/lib/libpebble.a(tmp7jpKUopebble.o)
                0x00000a58                clock_is_24h_style
 .text.cos_lookup
                0x00000a64        0xc /home/starleaf1/.local/share/pebble-sdk/SDKs/current/sdk-core/pebble/aplite/lib/libpebble.a(tmp7jpKUopebble.o)
                0x00000a64                cos_lookup
 .text.dict_find
                0x00000a70        0xc /home/starleaf1/.local/share/pebble-sdk/SDKs/current/sdk-core/pebble/aplite/lib/libpebble.a(tmp7jpKUopebble.o)
                0x00000a70                dict_find
 .text.fonts_get_system_font
                0x00000a7c        0xc /home/starleaf1/.local/share/pebble-sdk/SDKs/current/sdk-core/pebble/aplite/lib/libpebble.a(tmp7jpKUopebble.o)
                0x00000a7c                fonts_get_system_font
 .text.fonts_load_custom_font
                0x00000a88        0xc /home/starleaf1/.local/share/pebble-sdk/SDKs/current/sdk-core/pebble/aplite/lib/libpebble.a(tmp7jpKUopebble.o)
                0x00000a88                fonts_load_custom_font
 .text.fonts_unload_custom_font
                0x00000a94        0xc /home/starleaf1/.local/share/pebble-sdk/SDKs/current/sdk-core/pebble/aplite/lib/libpebble.a(tmp7jpKUopebble.o)
                0x00000a94                fonts_unload_custom_font
 .text.gpath_create
                0x00000aa0        0xc /home/starleaf1/.local/share/pebble-sdk/SDKs/current/sdk-core/pebble/aplite/lib/libpebble.a(tmp7jpKUopebble.o)
                0x00000aa0                gpath_create
 .text.gpath_destroy
                0x00000aac        0xc /home/starleaf1/.local/share/pebble-sdk/SDKs/current/sdk-core/pebble/aplite/lib/libpebble.a(tmp7jpKUopebble.o)
                0x00000aac                gpath_destroy
 .text.graphics_draw_line
                0x00000ab8        0xc /home/starleaf1/.local/share/pebble-sdk/SDKs/current/sdk-core/pebble/aplite/lib/libpebble.a(tmp7jpKUopebble.o)
                0x00000ab8                graphics_draw_line
 .text.graphics_draw_rect
                0x00000ac4        0xc /home/starleaf1/.local/share/pebble-sdk/SDKs/current/sdk-core/pebble/aplite/lib/libpebble.a(tmp7jpKUopebble.o)
                0x00000ac4                graphics_draw_rect
 .text.graphics_fill_rect
                0x00000ad0        0xc /home/starleaf1/.local/share/pebble-sdk/SDKs/current/sdk-core/pebble/aplite/lib/libpebble.a(tmp7jpKUopebble.o)
                0x00000ad0                graphics_fill_rect
 .text.layer_add_child
                0x00000adc        0xc /home/starleaf1/.local/share/pebble-sdk/SDKs/current/sdk-core/pebble/aplite/lib/libpebble.a(tmp7jpKUopebble.o)
                0x00000adc                layer_add_child
 .text.layer_create
                0x00000ae8        0xc /home/starleaf1/.local/share/pebble-sdk/SDKs/current/sdk-core/pebble/aplite/lib/libpebble.a(tmp7jpKUopebble.o)
                0x00000ae8                layer_create
 .text.layer_destroy
                0x00000af4        0xc /home/starleaf1/.local/share/pebble-sdk/SDKs/current/sdk-core/pebble/aplite/lib/libpebble.a(tmp7jpKUopebble.o)
                0x00000af4                layer_destroy
 .text.layer_get_bounds
                0x00000b00        0xc /home/starleaf1/.local/share/pebble-sdk/SDKs/current/sdk-core/pebble/aplite/lib/libpebble.a(tmp7jpKUopebble.o)
                0x00000b00                layer_get_bounds
 .text.layer_mark_dirty
                0x00000b0c        0xc /home/starleaf1/.local/share/pebble-sdk/SDKs/current/sdk-core/pebble/aplite/lib/libpebble.a(tmp7jpKUopebble.o)
                0x00000b0c                layer_mark_dirty
 .text.layer_set_update_proc
                0x00000b18        0xc /home/starleaf1/.local/share/pebble-sdk/SDKs/current/sdk-core/pebble/aplite/lib/libpebble.a(tmp7jpKUopebble.o)
                0x00000b18                layer_set_update_proc
 .text.resource_get_handle
                0x00000b24        0xc /home/starleaf1/.local/share/pebble-sdk/SDKs/current/sdk-core/pebble/aplite/lib/libpebble.a(tmp7jpKUopebble.o)
                0x00000b24                resource_get_handle
 .text.sin_lookup
                0x00000b30        0xc /home/starleaf1/.local/share/pebble-sdk/SDKs/current/sdk-core/pebble/aplite/lib/libpebble.a(tmp7jpKUopebble.o)
                0x00000b30                sin_lookup
 .text.strftime
                0x00000b3c        0xc /home/starleaf1/.local/share/pebble-sdk/SDKs/current/sdk-core/pebble/aplite/lib/libpebble.a(tmp7jpKUopebble.o)
                0x00000b3c                strftime
 .text.tick_timer_service_subscribe
                0x00000b48        0xc /home/starleaf1/.local/share/pebble-sdk/SDKs/current/sdk-core/pebble/aplite/lib/libpebble.a(tmp7jpKUopebble.o)
                0x00000b48                tick_timer_service_subscribe
 .text.tick_timer_service_unsubscribe
                0x00000b54        0xc /home/starleaf1/.local/share/pebble-sdk/SDKs/current/sdk-core/pebble/aplite/lib/libpebble.a(tmp7jpKUopebble.o)
                0x00000b54                tick_timer_service_unsubscribe
 .text.window_create
                0x00000b60        0xc /home/starleaf1/.local/share/pebble-sdk/SDKs/current/sdk-core/pebble/aplite/lib/libpebble.a(tmp7jpKUopebble.o)
                0x00000b60                window_create
 .text.window_destroy
                0x00000b6c        0xc /home/starleaf1/.local/share/pebble-sdk/SDKs/current/sdk-core/pebble/aplite/lib/libpebble.a(tmp7jpKUopebble.o)
                0x00000b6c                window_destroy
 .text.window_get_root_layer
                0x00000b78        0xc /home/starleaf1/.local/share/pebble-sdk/SDKs/current/sdk-core/pebble/aplite/lib/libpebble.a(tmp7jpKUopebble.o)
                0x00000b78                window_get_root_layer
 .text.window_set_window_handlers
                0x00000b84        0xc /home/starleaf1/.local/share/pebble-sdk/SDKs/current/sdk-core/pebble/aplite/lib/libpebble.a(tmp7jpKUopebble.o)
                0x00000b84                window_set_window_handlers
 .text.window_stack_push
                0x00000b90        0xc /home/starleaf1/.local/share/pebble-sdk/SDKs/current/sdk-core/pebble/aplite/lib/libpebble.a(tmp7jpKUopebble.o)
                0x00000b90                window_stack_push
 .text.app_message_register_inbox_received
                0x00000b9c        0xc /home/starleaf1/.local/share/pebble-sdk/SDKs/current/sdk-core/pebble/aplite/lib/libpebble.a(tmp7jpKUopebble.o)
                0x00000b9c                app_message_register_inbox_received
 .text.graphics_draw_text
                0x00000ba8        0xc /home/starleaf1/.local/share/pebble-sdk/SDKs/current/sdk-core/pebble/aplite/lib/libpebble.a(tmp7jpKUopebble.o)
                0x00000ba8                graphics_draw_text
 .text.graphics_text_layout_get_content_size
                0x00000bb4        0xc /home/starleaf1/.local/share/pebble-sdk/SDKs/current/sdk-core/pebble/aplite/lib/libpebble.a(tmp7jpKUopebble.o)
                0x00000bb4                graphics_text_layout_get_content_size
 .text.gpath_draw_filled
                0x00000bc0        0xc /home/starleaf1/.local/share/pebble-sdk/SDKs/current/sdk-core/pebble/aplite/lib/libpebble.a(tmp7jpKUopebble.o)
                0x00000bc0                gpath_draw_filled
 .text.graphics_context_set_fill_color
                0x00000bcc        0xc /home/starleaf1/.local/share/pebble-sdk/SDKs/current/sdk-core/pebble/aplite/lib/libpebble.a(tmp7jpKUopebble.o)
                0x00000bcc                graphics_context_set_fill_color
 .text.graphics_context_set_stroke_color
                0x00000bd8        0xc /home/starleaf1/.local/share/pebble-sdk/SDKs/current/sdk-core/pebble/aplite/lib/libpebble.a(tmp7jpKUopebble.o)
                0x00000bd8                graphics_context_set_stroke_color
 .text.graphics_context_set_text_color
                0x00000be4        0xc /home/starleaf1/.local/share/pebble-sdk/SDKs/current/sdk-core/pebble/aplite/lib/libpebble.a(tmp7jpKUopebble.o)
                0x00000be4                graphics_context_set_text_color
 .text.window_set_background_color
                0x00000bf0        0xc /home/starleaf1/.local/share/pebble-sdk/SDKs/current/sdk-core/pebble/aplite/lib/libpebble.a(tmp7jpKUopebble.o)
                0x00000bf0                window_set_background_color
 .text.localtime
                0x00000bfc        0xc /home/starleaf1/.local/share/pebble-sdk/SDKs/current/sdk-core/pebble/aplite/lib/libpebble.a(tmp7jpKUopebble.o)
                0x00000bfc                localtime
 .text.graphics_context_set_antialiased
                0x00000c08        0xc /home/starleaf1/.local/share/pebble-sdk/SDKs/current/sdk-core/pebble/aplite/lib/libpebble.a(tmp7jpKUopebble.o)
                0x00000c08                graphics_context_set_antialiased
 .text.graphics_context_set_stroke_width
                0x00000c14        0xc /home/starleaf1/.local/share/pebble-sdk/SDKs/current/sdk-core/pebble/aplite/lib/libpebble.a(tmp7jpKUopebble.o)
                0x00000c14                graphics_context_set_stroke_width
 .text.time     0x00000c20        0xc /home/starleaf1/.local/share/pebble-sdk/SDKs/current/sdk-core/pebble/aplite/lib/libpebble.a(tmp7jpKUopebble.o)
                0x00000c20                time
 .text.connection_service_peek_pebble_app_connection
                0x00000c2c        0xc /home/starleaf1/.local/share/pebble-sdk/SDKs/current/sdk-core/pebble/aplite/lib/libpebble.a(tmp7jpKUopebble.o)
                0x00000c2c                connection_service_peek_pebble_app_connection
 .text.connection_service_subscribe
                0x00000c38        0xc /home/starleaf1/.local/share/pebble-sdk/SDKs/current/sdk-core/pebble/aplite/lib/libpebble.a(tmp7jpKUopebble.o)
                0x00000c38                connection_service_subscribe
 .text.connection_service_unsubscribe
                0x00000c44        0xc /home/starleaf1/.local/share/pebble-sdk/SDKs/current/sdk-core/pebble/aplite/lib/libpebble.a(tmp7jpKUopebble.o)
                0x00000c44                connection_service_unsubscribe
 .text.grect_inset
                0x00000c50        0xc /home/starleaf1/.local/share/pebble-sdk/SDKs/current/sdk-core/pebble/aplite/lib/libpebble.a(tmp7jpKUopebble.o)
                0x00000c50                grect_inset
 *(.rodata)
 *(.rodata*)
 .rodata.update_buffers.str1.1
                0x00000c5c       0x46 src/c/proto.c.57.o
                                  0xf (size before relaxing)
 .rodata.main.str1.1
                0x00000ca2       0x37 src/c/proto.c.57.o

.glue_7         0x00000ca4        0x0
 .glue_7        0x00000ca4        0x0 linker stubs

.glue_7t        0x00000ca4        0x0
 .glue_7t       0x00000ca4        0x0 linker stubs

.vfp11_veneer   0x00000ca4        0x0
 .vfp11_veneer  0x00000ca4        0x0 linker stubs

.v4_bx          0x00000ca4        0x0
 .v4_bx         0x00000ca4        0x0 linker stubs

.init           0x00000ca4        0x4
 .init          0x00000ca4        0x4 /home/starleaf1/.local/share/pebble-sdk/SDKs/4.17/toolchain/arm-none-eabi/bin/../lib/gcc/arm-none-eabi/14.2.1/thumb/v7-m/nofp/crti.o
                0x00000ca4                _init

.fini           0x00000ca8        0x4
 .fini          0x00000ca8        0x4 /home/starleaf1/.local/share/pebble-sdk/SDKs/4.17/toolchain/arm-none-eabi/bin/../lib/gcc/arm-none-eabi/14.2.1/thumb/v7-m/nofp/crti.o
                0x00000ca8                _fini

.iplt           0x00000cac        0x0
 .iplt          0x00000cac        0x0 src/c/proto.c.57.o

.rel.dyn        0x00000cac        0x0
 .rel.iplt      0x00000cac        0x0 src/c/proto.c.57.o
 .rel.got       0x00000cac        0x0 src/c/proto.c.57.o

.data           0x00000cac        0x8
 *(.data)
 .data          0x00000cac        0x0 /home/starleaf1/.local/share/pebble-sdk/SDKs/4.17/toolchain/arm-none-eabi/bin/../lib/gcc/arm-none-eabi/14.2.1/thumb/v7-m/nofp/crti.o
 .data          0x00000cac        0x0 /home/starleaf1/.local/share/pebble-sdk/SDKs/4.17/toolchain/arm-none-eabi/bin/../lib/gcc/arm-none-eabi/14.2.1/thumb/v7-m/nofp/crtbegin.o
 .data          0x00000cac        0x0 /home/starleaf1/.local/share/pebble-sdk/SDKs/4.17/toolchain/arm-none-eabi/bin/../lib/gcc/arm-none-eabi/14.2.1/../../../../arm-none-eabi/lib/thumb/v7-m/nofp/crt0.o
 .data          0x00000cac        0x0 src/c/proto.c.57.o
 .data          0x00000cac        0x0 aplite/appinfo.auto.c.57.o
 .data          0x00000cac        0x0 aplite/src/resource_ids.auto.c.57.o
 .data          0x00000cac        0x0 src/message_keys.auto.c.57.o
 .data          0x00000cac        0x0 /home/starleaf1/.local/share/pebble-sdk/SDKs/current/sdk-core/pebble/aplite/lib/libpebble.a(tmp7jpKUopebble.o)
 .data          0x00000cac        0x0 /home/starleaf1/.local/share/pebble-sdk/SDKs/4.17/toolchain/arm-none-eabi/bin/../lib/gcc/arm-none-eabi/14.2.1/../../../../arm-none-eabi/lib/thumb/v7-m/nofp/libc.a(libc_a-atexit.o)
 .data          0x00000cac        0x0 /home/starleaf1/.local/share/pebble-sdk/SDKs/4.17/toolchain/arm-none-eabi/bin/../lib/gcc/arm-none-eabi/14.2.1/../../../../arm-none-eabi/lib/thumb/v7-m/nofp/libc.a(libc_a-exit.o)
 .data          0x00000cac        0x0 /home/starleaf1/.local/share/pebble-sdk/SDKs/4.17/toolchain/arm-none-eabi/bin/../lib/gcc/arm-none-eabi/14.2.1/../../../../arm-none-eabi/lib/thumb/v7-m/nofp/libc.a(libc_a-findfp.o)
 .data          0x00000cac        0x0 /home/starleaf1/.local/share/pebble-sdk/SDKs/4.17/toolchain/arm-none-eabi/bin/../lib/gcc/arm-none-eabi/14.2.1/../../../../arm-none-eabi/lib/thumb/v7-m/nofp/libc.a(libc_a-fwalk.o)
 .data          0x00000cac        0x0 /home/starleaf1/.local/share/pebble-sdk/SDKs/4.17/toolchain/arm-none-eabi/bin/../lib/gcc/arm-none-eabi/14.2.1/../../../../arm-none-eabi/lib/thumb/v7-m/nofp/libc.a(libc_a-stdio.o)
 .data          0x00000cac        0x0 /home/starleaf1/.local/share/pebble-sdk/SDKs/4.17/toolchain/arm-none-eabi/bin/../lib/gcc/arm-none-eabi/14.2.1/../../../../arm-none-eabi/lib/thumb/v7-m/nofp/libc.a(libc_a-closer.o)
 .data          0x00000cac        0x0 /home/starleaf1/.local/share/pebble-sdk/SDKs/4.17/toolchain/arm-none-eabi/bin/../lib/gcc/arm-none-eabi/14.2.1/../../../../arm-none-eabi/lib/thumb/v7-m/nofp/libc.a(libc_a-reent.o)
 .data          0x00000cac        0x0 /home/starleaf1/.local/share/pebble-sdk/SDKs/4.17/toolchain/arm-none-eabi/bin/../lib/gcc/arm-none-eabi/14.2.1/../../../../arm-none-eabi/lib/thumb/v7-m/nofp/libc.a(libc_a-impure.o)
 .data          0x00000cac        0x0 /home/starleaf1/.local/share/pebble-sdk/SDKs/4.17/toolchain/arm-none-eabi/bin/../lib/gcc/arm-none-eabi/14.2.1/../../../../arm-none-eabi/lib/thumb/v7-m/nofp/libc.a(libc_a-lseekr.o)
 .data          0x00000cac        0x0 /home/starleaf1/.local/share/pebble-sdk/SDKs/4.17/toolchain/arm-none-eabi/bin/../lib/gcc/arm-none-eabi/14.2.1/../../../../arm-none-eabi/lib/thumb/v7-m/nofp/libc.a(libc_a-readr.o)
 .data          0x00000cac        0x0 /home/starleaf1/.local/share/pebble-sdk/SDKs/4.17/toolchain/arm-none-eabi/bin/../lib/gcc/arm-none-eabi/14.2.1/../../../../arm-none-eabi/lib/thumb/v7-m/nofp/libc.a(libc_a-writer.o)
 .data          0x00000cac        0x0 /home/starleaf1/.local/share/pebble-sdk/SDKs/4.17/toolchain/arm-none-eabi/bin/../lib/gcc/arm-none-eabi/14.2.1/../../../../arm-none-eabi/lib/thumb/v7-m/nofp/libc.a(libc_a-init.o)
 .data          0x00000cac        0x0 /home/starleaf1/.local/share/pebble-sdk/SDKs/4.17/toolchain/arm-none-eabi/bin/../lib/gcc/arm-none-eabi/14.2.1/../../../../arm-none-eabi/lib/thumb/v7-m/nofp/libc.a(libc_a-fini.o)
 .data          0x00000cac        0x0 /home/starleaf1/.local/share/pebble-sdk/SDKs/4.17/toolchain/arm-none-eabi/bin/../lib/gcc/arm-none-eabi/14.2.1/../../../../arm-none-eabi/lib/thumb/v7-m/nofp/libc.a(libc_a-lock.o)
 .data          0x00000cac        0x0 /home/starleaf1/.local/share/pebble-sdk/SDKs/4.17/toolchain/arm-none-eabi/bin/../lib/gcc/arm-none-eabi/14.2.1/../../../../arm-none-eabi/lib/thumb/v7-m/nofp/libc.a(libc_a-__atexit.o)
 .data          0x00000cac        0x0 /home/starleaf1/.local/share/pebble-sdk/SDKs/4.17/toolchain/arm-none-eabi/bin/../lib/gcc/arm-none-eabi/14.2.1/../../../../arm-none-eabi/lib/thumb/v7-m/nofp/libc.a(libc_a-__call_atexit.o)
 .data          0x00000cac        0x0 /home/starleaf1/.local/share/pebble-sdk/SDKs/4.17/toolchain/arm-none-eabi/bin/../lib/gcc/arm-none-eabi/14.2.1/../../../../arm-none-eabi/lib/thumb/v7-m/nofp/libc.a(libc_a-freer.o)
 .data          0x00000cac        0x0 /home/starleaf1/.local/share/pebble-sdk/SDKs/4.17/toolchain/arm-none-eabi/bin/../lib/gcc/arm-none-eabi/14.2.1/../../../../arm-none-eabi/lib/thumb/v7-m/nofp/libc.a(libc_a-mallocr.o)
 .data          0x00000cac        0x0 /home/starleaf1/.local/share/pebble-sdk/SDKs/4.17/toolchain/arm-none-eabi/bin/../lib/gcc/arm-none-eabi/14.2.1/../../../../arm-none-eabi/lib/thumb/v7-m/nofp/libc.a(libc_a-mlock.o)
 .data          0x00000cac        0x0 /home/starleaf1/.local/share/pebble-sdk/SDKs/4.17/toolchain/arm-none-eabi/bin/../lib/gcc/arm-none-eabi/14.2.1/../../../../arm-none-eabi/lib/thumb/v7-m/nofp/libc.a(libc_a-fclose.o)
 .data          0x00000cac        0x0 /home/starleaf1/.local/share/pebble-sdk/SDKs/4.17/toolchain/arm-none-eabi/bin/../lib/gcc/arm-none-eabi/14.2.1/../../../../arm-none-eabi/lib/thumb/v7-m/nofp/libc.a(libc_a-fflush.o)
 .data          0x00000cac        0x0 /home/starleaf1/.local/share/pebble-sdk/SDKs/4.17/toolchain/arm-none-eabi/bin/../lib/gcc/arm-none-eabi/14.2.1/../../../../arm-none-eabi/lib/thumb/v7-m/nofp/libc.a(libc_a-sbrkr.o)
 .data          0x00000cac        0x0 /home/starleaf1/.local/share/pebble-sdk/SDKs/4.17/toolchain/arm-none-eabi/bin/../lib/gcc/arm-none-eabi/14.2.1/../../../../arm-none-eabi/lib/thumb/v7-m/nofp/libc.a(libc_a-sysconf.o)
 .data          0x00000cac        0x0 /home/starleaf1/.local/share/pebble-sdk/SDKs/4.17/toolchain/arm-none-eabi/bin/../lib/gcc/arm-none-eabi/14.2.1/../../../../arm-none-eabi/lib/thumb/v7-m/nofp/libc.a(libc_a-errno.o)
 .data          0x00000cac        0x0 /home/starleaf1/.local/share/pebble-sdk/SDKs/4.17/toolchain/arm-none-eabi/bin/../lib/gcc/arm-none-eabi/14.2.1/thumb/v7-m/nofp/crtend.o
 .data          0x00000cac        0x0 /home/starleaf1/.local/share/pebble-sdk/SDKs/4.17/toolchain/arm-none-eabi/bin/../lib/gcc/arm-none-eabi/14.2.1/thumb/v7-m/nofp/crtn.o
 *(.data.*)
 .data.s_connected
                0x00000cac        0x1 src/c/proto.c.57.o
 *fill*         0x00000cad        0x3 
 .data.MESSAGE_KEY_UnreadCount
                0x00000cb0        0x4 src/message_keys.auto.c.57.o
                0x00000cb0                MESSAGE_KEY_UnreadCount

.igot.plt       0x00000cb4        0x0
 .igot.plt      0x00000cb4        0x0 src/c/proto.c.57.o

.got            0x00000cb4        0x4
 .got           0x00000cb4        0x4 src/c/proto.c.57.o

.got.plt        0x00000cb8        0xc
 .got.plt       0x00000cb8        0xc src/c/proto.c.57.o
                0x00000cb8                _GLOBAL_OFFSET_TABLE_

.bss            0x00000cc4       0x68
 *(.bss)
 *(.bss.*)
 .bss.s_date_buf
                0x00000cc4       0x18 src/c/proto.c.57.o
 .bss.s_hour_buf
                0x00000cdc        0x4 src/c/proto.c.57.o
 .bss.s_unread  0x00000ce0        0x4 src/c/proto.c.57.o
 .bss.s_batt    0x00000ce4        0x3 src/c/proto.c.57.o
 *fill*         0x00000ce7        0x1 
 .bss.s_now     0x00000ce8       0x30 src/c/proto.c.57.o
 .bss.s_custom_fonts
                0x00000d18        0x1 src/c/proto.c.57.o
 *fill*         0x00000d19        0x3 
 .bss.s_date_font
                0x00000d1c        0x4 src/c/proto.c.57.o
 .bss.s_hour_font
                0x00000d20        0x4 src/c/proto.c.57.o
 .bss.s_root_layer
                0x00000d24        0x4 src/c/proto.c.57.o
 .bss.s_window  0x00000d28        0x4 src/c/proto.c.57.o

DISCARD
 libc.a(*)
 libm.a(*)
 libgcc.a(*)
 *(.eh_frame)
OUTPUT(/home/starleaf1/projects/proto/build/aplite/pebble-app.elf elf32-littlearm)
LOAD linker stubs
LOAD /home/starleaf1/.local/share/pebble-sdk/SDKs/4.17/toolchain/arm-none-eabi/bin/../lib/gcc/arm-none-eabi/14.2.1/../../../../arm-none-eabi/lib/thumb/v7-m/nofp/libc.a
LOAD /home/starleaf1/.local/share/pebble-sdk/SDKs/4.17/toolchain/arm-none-eabi/bin/../lib/gcc/arm-none-eabi/14.2.1/../../../../arm-none-eabi/lib/thumb/v7-m/nofp/libm.a
LOAD /home/starleaf1/.local/share/pebble-sdk/SDKs/4.17/toolchain/arm-none-eabi/bin/../lib/gcc/arm-none-eabi/14.2.1/thumb/v7-m/nofp/libgcc.a

.ARM.attributes
                0x00000000       0x29
 .ARM.attributes
                0x00000000       0x1d /home/starleaf1/.local/share/pebble-sdk/SDKs/4.17/toolchain/arm-none-eabi/bin/../lib/gcc/arm-none-eabi/14.2.1/thumb/v7-m/nofp/crti.o
 .ARM.attributes
                0x0000001d       0x2d /home/starleaf1/.local/share/pebble-sdk/SDKs/4.17/toolchain/arm-none-eabi/bin/../lib/gcc/arm-none-eabi/14.2.1/thumb/v7-m/nofp/crtbegin.o
 .ARM.attributes
                0x0000004a       0x1b /home/starleaf1/.local/share/pebble-sdk/SDKs/4.17/toolchain/arm-none-eabi/bin/../lib/gcc/arm-none-eabi/14.2.1/../../../../arm-none-eabi/lib/thumb/v7-m/nofp/crt0.o
 .ARM.attributes
                0x00000065       0x2d src/c/proto.c.57.o
 .ARM.attributes
                0x00000092       0x2d aplite/appinfo.auto.c.57.o
 .ARM.attributes
                0x000000bf       0x2d aplite/src/resource_ids.auto.c.57.o
 .ARM.attributes
                0x000000ec       0x2d src/message_keys.auto.c.57.o
 .ARM.attributes
                0x00000119       0x21 /home/starleaf1/.local/share/pebble-sdk/SDKs/current/sdk-core/pebble/aplite/lib/libpebble.a(tmp7jpKUopebble.o)
 .ARM.attributes
                0x0000013a       0x2d /home/starleaf1/.local/share/pebble-sdk/SDKs/4.17/toolchain/arm-none-eabi/bin/../lib/gcc/arm-none-eabi/14.2.1/../../../../arm-none-eabi/lib/thumb/v7-m/nofp/libc.a(libc_a-atexit.o)
 .ARM.attributes
                0x00000167       0x2d /home/starleaf1/.local/share/pebble-sdk/SDKs/4.17/toolchain/arm-none-eabi/bin/../lib/gcc/arm-none-eabi/14.2.1/../../../../arm-none-eabi/lib/thumb/v7-m/nofp/libc.a(libc_a-exit.o)
 .ARM.attributes
                0x00000194       0x2d /home/starleaf1/.local/share/pebble-sdk/SDKs/4.17/toolchain/arm-none-eabi/bin/../lib/gcc/arm-none-eabi/14.2.1/../../../../arm-none-eabi/lib/thumb/v7-m/nofp/libc.a(libc_a-findfp.o)
 .ARM.attributes
                0x000001c1       0x2d /home/starleaf1/.local/share/pebble-sdk/SDKs/4.17/toolchain/arm-none-eabi/bin/../lib/gcc/arm-none-eabi/14.2.1/../../../../arm-none-eabi/lib/thumb/v7-m/nofp/libc.a(libc_a-fwalk.o)
 .ARM.attributes
                0x000001ee       0x2d /home/starleaf1/.local/share/pebble-sdk/SDKs/4.17/toolchain/arm-none-eabi/bin/../lib/gcc/arm-none-eabi/14.2.1/../../../../arm-none-eabi/lib/thumb/v7-m/nofp/libc.a(libc_a-stdio.o)
 .ARM.attributes
                0x0000021b       0x2d /home/starleaf1/.local/share/pebble-sdk/SDKs/4.17/toolchain/arm-none-eabi/bin/../lib/gcc/arm-none-eabi/14.2.1/../../../../arm-none-eabi/lib/thumb/v7-m/nofp/libc.a(libc_a-closer.o)
 .ARM.attributes
                0x00000248       0x2d /home/starleaf1/.local/share/pebble-sdk/SDKs/4.17/toolchain/arm-none-eabi/bin/../lib/gcc/arm-none-eabi/14.2.1/../../../../arm-none-eabi/lib/thumb/v7-m/nofp/libc.a(libc_a-reent.o)
 .ARM.attributes
                0x00000275       0x2d /home/starleaf1/.local/share/pebble-sdk/SDKs/4.17/toolchain/arm-none-eabi/bin/../lib/gcc/arm-none-eabi/14.2.1/../../../../arm-none-eabi/lib/thumb/v7-m/nofp/libc.a(libc_a-impure.o)
 .ARM.attributes
                0x000002a2       0x2d /home/starleaf1/.local/share/pebble-sdk/SDKs/4.17/toolchain/arm-none-eabi/bin/../lib/gcc/arm-none-eabi/14.2.1/../../../../arm-none-eabi/lib/thumb/v7-m/nofp/libc.a(libc_a-lseekr.o)
 .ARM.attributes
                0x000002cf       0x2d /home/starleaf1/.local/share/pebble-sdk/SDKs/4.17/toolchain/arm-none-eabi/bin/../lib/gcc/arm-none-eabi/14.2.1/../../../../arm-none-eabi/lib/thumb/v7-m/nofp/libc.a(libc_a-readr.o)
 .ARM.attributes
                0x000002fc       0x2d /home/starleaf1/.local/share/pebble-sdk/SDKs/4.17/toolchain/arm-none-eabi/bin/../lib/gcc/arm-none-eabi/14.2.1/../../../../arm-none-eabi/lib/thumb/v7-m/nofp/libc.a(libc_a-writer.o)
 .ARM.attributes
                0x00000329       0x2d /home/starleaf1/.local/share/pebble-sdk/SDKs/4.17/toolchain/arm-none-eabi/bin/../lib/gcc/arm-none-eabi/14.2.1/../../../../arm-none-eabi/lib/thumb/v7-m/nofp/libc.a(libc_a-init.o)
 .ARM.attributes
                0x00000356       0x2d /home/starleaf1/.local/share/pebble-sdk/SDKs/4.17/toolchain/arm-none-eabi/bin/../lib/gcc/arm-none-eabi/14.2.1/../../../../arm-none-eabi/lib/thumb/v7-m/nofp/libc.a(libc_a-fini.o)
 .ARM.attributes
                0x00000383       0x2d /home/starleaf1/.local/share/pebble-sdk/SDKs/4.17/toolchain/arm-none-eabi/bin/../lib/gcc/arm-none-eabi/14.2.1/../../../../arm-none-eabi/lib/thumb/v7-m/nofp/libc.a(libc_a-lock.o)
 .ARM.attributes
                0x000003b0       0x2d /home/starleaf1/.local/share/pebble-sdk/SDKs/4.17/toolchain/arm-none-eabi/bin/../lib/gcc/arm-none-eabi/14.2.1/../../../../arm-none-eabi/lib/thumb/v7-m/nofp/libc.a(libc_a-__atexit.o)
 .ARM.attributes
                0x000003dd       0x2d /home/starleaf1/.local/share/pebble-sdk/SDKs/4.17/toolchain/arm-none-eabi/bin/../lib/gcc/arm-none-eabi/14.2.1/../../../../arm-none-eabi/lib/thumb/v7-m/nofp/libc.a(libc_a-__call_atexit.o)
 .ARM.attributes
                0x0000040a       0x2d /home/starleaf1/.local/share/pebble-sdk/SDKs/4.17/toolchain/arm-none-eabi/bin/../lib/gcc/arm-none-eabi/14.2.1/../../../../arm-none-eabi/lib/thumb/v7-m/nofp/libc.a(libc_a-freer.o)
 .ARM.attributes
                0x00000437       0x2d /home/starleaf1/.local/share/pebble-sdk/SDKs/4.17/toolchain/arm-none-eabi/bin/../lib/gcc/arm-none-eabi/14.2.1/../../../../arm-none-eabi/lib/thumb/v7-m/nofp/libc.a(libc_a-mallocr.o)
 .ARM.attributes
                0x00000464       0x2d /home/starleaf1/.local/share/pebble-sdk/SDKs/4.17/toolchain/arm-none-eabi/bin/../lib/gcc/arm-none-eabi/14.2.1/../../../../arm-none-eabi/lib/thumb/v7-m/nofp/libc.a(libc_a-mlock.o)
 .ARM.attributes
                0x00000491       0x2d /home/starleaf1/.local/share/pebble-sdk/SDKs/4.17/toolchain/arm-none-eabi/bin/../lib/gcc/arm-none-eabi/14.2.1/../../../../arm-none-eabi/lib/thumb/v7-m/nofp/libc.a(libc_a-fclose.o)
 .ARM.attributes
                0x000004be       0x2d /home/starleaf1/.local/share/pebble-sdk/SDKs/4.17/toolchain/arm-none-eabi/bin/../lib/gcc/arm-none-eabi/14.2.1/../../../../arm-none-eabi/lib/thumb/v7-m/nofp/libc.a(libc_a-fflush.o)
 .ARM.attributes
                0x000004eb       0x2d /home/starleaf1/.local/share/pebble-sdk/SDKs/4.17/toolchain/arm-none-eabi/bin/../lib/gcc/arm-none-eabi/14.2.1/../../../../arm-none-eabi/lib/thumb/v7-m/nofp/libc.a(libc_a-sbrkr.o)
 .ARM.attributes
                0x00000518       0x2d /home/starleaf1/.local/share/pebble-sdk/SDKs/4.17/toolchain/arm-none-eabi/bin/../lib/gcc/arm-none-eabi/14.2.1/../../../../arm-none-eabi/lib/thumb/v7-m/nofp/libc.a(libc_a-sysconf.o)
 .ARM.attributes
                0x00000545       0x2d /home/starleaf1/.local/share/pebble-sdk/SDKs/4.17/toolchain/arm-none-eabi/bin/../lib/gcc/arm-none-eabi/14.2.1/../../../../arm-none-eabi/lib/thumb/v7-m/nofp/libc.a(libc_a-errno.o)
 .ARM.attributes
                0x00000572       0x2d /home/starleaf1/.local/share/pebble-sdk/SDKs/4.17/toolchain/arm-none-eabi/bin/../lib/gcc/arm-none-eabi/14.2.1/thumb/v7-m/nofp/crtend.o
 .ARM.attributes
                0x0000059f       0x1d /home/starleaf1/.local/share/pebble-sdk/SDKs/4.17/toolchain/arm-none-eabi/bin/../lib/gcc/arm-none-eabi/14.2.1/thumb/v7-m/nofp/crtn.o

.comment        0x00000000       0x39
 .comment       0x00000000       0x39 /home/starleaf1/.local/share/pebble-sdk/SDKs/4.17/toolchain/arm-none-eabi/bin/../lib/gcc/arm-none-eabi/14.2.1/thumb/v7-m/nofp/crtbegin.o
                                 0x3a (size before relaxing)
 .comment       0x00000039       0x3a src/c/proto.c.57.o
 .comment       0x00000039       0x3a aplite/appinfo.auto.c.57.o
 .comment       0x00000039       0x3a aplite/src/resource_ids.auto.c.57.o
 .comment       0x00000039       0x3a src/message_keys.auto.c.57.o
 .comment       0x00000039       0x3a /home/starleaf1/.local/share/pebble-sdk/SDKs/4.17/toolchain/arm-none-eabi/bin/../lib/gcc/arm-none-eabi/14.2.1/../../../../arm-none-eabi/lib/thumb/v7-m/nofp/libc.a(libc_a-atexit.o)
 .comment       0x00000039       0x3a /home/starleaf1/.local/share/pebble-sdk/SDKs/4.17/toolchain/arm-none-eabi/bin/../lib/gcc/arm-none-eabi/14.2.1/../../../../arm-none-eabi/lib/thumb/v7-m/nofp/libc.a(libc_a-exit.o)
 .comment       0x00000039       0x3a /home/starleaf1/.local/share/pebble-sdk/SDKs/4.17/toolchain/arm-none-eabi/bin/../lib/gcc/arm-none-eabi/14.2.1/../../../../arm-none-eabi/lib/thumb/v7-m/nofp/libc.a(libc_a-findfp.o)
 .comment       0x00000039       0x3a /home/starleaf1/.local/share/pebble-sdk/SDKs/4.17/toolchain/arm-none-eabi/bin/../lib/gcc/arm-none-eabi/14.2.1/../../../../arm-none-eabi/lib/thumb/v7-m/nofp/libc.a(libc_a-fwalk.o)
 .comment       0x00000039       0x3a /home/starleaf1/.local/share/pebble-sdk/SDKs/4.17/toolchain/arm-none-eabi/bin/../lib/gcc/arm-none-eabi/14.2.1/../../../../arm-none-eabi/lib/thumb/v7-m/nofp/libc.a(libc_a-stdio.o)
 .comment       0x00000039       0x3a /home/starleaf1/.local/share/pebble-sdk/SDKs/4.17/toolchain/arm-none-eabi/bin/../lib/gcc/arm-none-eabi/14.2.1/../../../../arm-none-eabi/lib/thumb/v7-m/nofp/libc.a(libc_a-closer.o)
 .comment       0x00000039       0x3a /home/starleaf1/.local/share/pebble-sdk/SDKs/4.17/toolchain/arm-none-eabi/bin/../lib/gcc/arm-none-eabi/14.2.1/../../../../arm-none-eabi/lib/thumb/v7-m/nofp/libc.a(libc_a-reent.o)
 .comment       0x00000039       0x3a /home/starleaf1/.local/share/pebble-sdk/SDKs/4.17/toolchain/arm-none-eabi/bin/../lib/gcc/arm-none-eabi/14.2.1/../../../../arm-none-eabi/lib/thumb/v7-m/nofp/libc.a(libc_a-impure.o)
 .comment       0x00000039       0x3a /home/starleaf1/.local/share/pebble-sdk/SDKs/4.17/toolchain/arm-none-eabi/bin/../lib/gcc/arm-none-eabi/14.2.1/../../../../arm-none-eabi/lib/thumb/v7-m/nofp/libc.a(libc_a-lseekr.o)
 .comment       0x00000039       0x3a /home/starleaf1/.local/share/pebble-sdk/SDKs/4.17/toolchain/arm-none-eabi/bin/../lib/gcc/arm-none-eabi/14.2.1/../../../../arm-none-eabi/lib/thumb/v7-m/nofp/libc.a(libc_a-readr.o)
 .comment       0x00000039       0x3a /home/starleaf1/.local/share/pebble-sdk/SDKs/4.17/toolchain/arm-none-eabi/bin/../lib/gcc/arm-none-eabi/14.2.1/../../../../arm-none-eabi/lib/thumb/v7-m/nofp/libc.a(libc_a-writer.o)
 .comment       0x00000039       0x3a /home/starleaf1/.local/share/pebble-sdk/SDKs/4.17/toolchain/arm-none-eabi/bin/../lib/gcc/arm-none-eabi/14.2.1/../../../../arm-none-eabi/lib/thumb/v7-m/nofp/libc.a(libc_a-init.o)
 .comment       0x00000039       0x3a /home/starleaf1/.local/share/pebble-sdk/SDKs/4.17/toolchain/arm-none-eabi/bin/../lib/gcc/arm-none-eabi/14.2.1/../../../../arm-none-eabi/lib/thumb/v7-m/nofp/libc.a(libc_a-fini.o)
 .comment       0x00000039       0x3a /home/starleaf1/.local/share/pebble-sdk/SDKs/4.17/toolchain/arm-none-eabi/bin/../lib/gcc/arm-none-eabi/14.2.1/../../../../arm-none-eabi/lib/thumb/v7-m/nofp/libc.a(libc_a-lock.o)
 .comment       0x00000039       0x3a /home/starleaf1/.local/share/pebble-sdk/SDKs/4.17/toolchain/arm-none-eabi/bin/../lib/gcc/arm-none-eabi/14.2.1/../../../../arm-none-eabi/lib/thumb/v7-m/nofp/libc.a(libc_a-__atexit.o)
 .comment       0x00000039       0x3a /home/starleaf1/.local/share/pebble-sdk/SDKs/4.17/toolchain/arm-none-eabi/bin/../lib/gcc/arm-none-eabi/14.2.1/../../../../arm-none-eabi/lib/thumb/v7-m/nofp/libc.a(libc_a-__call_atexit.o)
 .comment       0x00000039       0x3a /home/starleaf1/.local/share/pebble-sdk/SDKs/4.17/toolchain/arm-none-eabi/bin/../lib/gcc/arm-none-eabi/14.2.1/../../../../arm-none-eabi/lib/thumb/v7-m/nofp/libc.a(libc_a-freer.o)
 .comment       0x00000039       0x3a /home/starleaf1/.local/share/pebble-sdk/SDKs/4.17/toolchain/arm-none-eabi/bin/../lib/gcc/arm-none-eabi/14.2.1/../../../../arm-none-eabi/lib/thumb/v7-m/nofp/libc.a(libc_a-mallocr.o)
 .comment       0x00000039       0x3a /home/starleaf1/.local/share/pebble-sdk/SDKs/4.17/toolchain/arm-none-eabi/bin/../lib/gcc/arm-none-eabi/14.2.1/../../../../arm-none-eabi/lib/thumb/v7-m/nofp/libc.a(libc_a-mlock.o)
 .comment       0x00000039       0x3a /home/starleaf1/.local/share/pebble-sdk/SDKs/4.17/toolchain/arm-none-eabi/bin/../lib/gcc/arm-none-eabi/14.2.1/../../../../arm-none-eabi/lib/thumb/v7-m/nofp/libc.a(libc_a-fclose.o)
 .comment       0x00000039       0x3a /home/starleaf1/.local/share/pebble-sdk/SDKs/4.17/toolchain/arm-none-eabi/bin/../lib/gcc/arm-none-eabi/14.2.1/../../../../arm-none-eabi/lib/thumb/v7-m/nofp/libc.a(libc_a-fflush.o)
 .comment       0x00000039       0x3a /home/starleaf1/.local/share/pebble-sdk/SDKs/4.17/toolchain/arm-none-eabi/bin/../lib/gcc/arm-none-eabi/14.2.1/../../../../arm-none-eabi/lib/thumb/v7-m/nofp/libc.a(libc_a-sbrkr.o)
 .comment       0x00000039       0x3a /home/starleaf1/.local/share/pebble-sdk/SDKs/4.17/toolchain/arm-none-eabi/bin/../lib/gcc/arm-none-eabi/14.2.1/../../../../arm-none-eabi/lib/thumb/v7-m/nofp/libc.a(libc_a-sysconf.o)
 .comment       0x00000039       0x3a /home/starleaf1/.local/share/pebble-sdk/SDKs/4.17/toolchain/arm-none-eabi/bin/../lib/gcc/arm-none-eabi/14.2.1/../../../../arm-none-eabi/lib/thumb/v7-m/nofp/libc.a(libc_a-errno.o)
 .comment       0x00000039       0x3a /home/starleaf1/.local/share/pebble-sdk/SDKs/4.17/toolchain/arm-none-eabi/bin/../lib/gcc/arm-none-eabi/14.2.1/thumb/v7-m/nofp/crtend.o

.debug_info     0x00000000     0x22b6
 .debug_info    0x00000000     0x1e4c src/c/proto.c.57.o
 .debug_info    0x00001e4c      0x33e aplite/appinfo.auto.c.57.o
 .debug_info    0x0000218a       0x9d aplite/src/resource_ids.auto.c.57.o
 .debug_info    0x00002227       0x8f src/message_keys.auto.c.57.o

.debug_abbrev   0x00000000      0x640
 .debug_abbrev  0x00000000      0x4f5 src/c/proto.c.57.o
 .debug_abbrev  0x000004f5       0xb9 aplite/appinfo.auto.c.57.o
 .debug_abbrev  0x000005ae       0x4a aplite/src/resource_ids.auto.c.57.o
 .debug_abbrev  0x000005f8       0x48 src/message_keys.auto.c.57.o

.debug_loclists
                0x00000000      0x9ac
 .debug_loclists
                0x00000000      0x9ac src/c/proto.c.57.o

.debug_aranges  0x00000000       0xb8
 .debug_aranges
                0x00000000       0x70 src/c/proto.c.57.o
 .debug_aranges
                0x00000070       0x18 aplite/appinfo.auto.c.57.o
 .debug_aranges
                0x00000088       0x18 aplite/src/resource_ids.auto.c.57.o
 .debug_aranges
                0x000000a0       0x18 src/message_keys.auto.c.57.o

.debug_rnglists
                0x00000000       0xf9
 .debug_rnglists
                0x00000000       0xf9 src/c/proto.c.57.o

.debug_line     0x00000000      0xe13
 .debug_line    0x00000000      0xa39 src/c/proto.c.57.o
 .debug_line    0x00000a39      0x189 aplite/appinfo.auto.c.57.o
 .debug_line    0x00000bc2      0x12c aplite/src/resource_ids.auto.c.57.o
 .debug_line    0x00000cee      0x125 src/message_keys.auto.c.57.o

.debug_str      0x00000000     0x10d6
 .debug_str     0x00000000     0x10d6 src/c/proto.c.57.o
                                0xdf3 (size before relaxing)
 .debug_str     0x000010d6      0x4c7 aplite/appinfo.auto.c.57.o
 .debug_str     0x000010d6      0x1a5 aplite/src/resource_ids.auto.c.57.o
 .debug_str     0x000010d6      0x180 src/message_keys.auto.c.57.o

.debug_frame    0x00000000      0x17c
 .debug_frame   0x00000000      0x17c src/c/proto.c.57.o
